******************************************************************************
                  MSP430 Linker PC v4.1.2                      
******************************************************************************
>> Linked Mon Jul 22 12:58:21 2013

OUTPUT FILE NAME:   <TEST.out>
ENTRY POINT SYMBOL: "_c_int00"  address: 0000cb40


MEMORY CONFIGURATION

         name            origin    length      used     unused   attr    fill
----------------------  --------  ---------  --------  --------  ----  --------
  SFR                   00000000   00000010  00000000  00000010  RWIX
  PERIPHERALS_8BIT      00000010   000000f0  00000000  000000f0  RWIX
  PERIPHERALS_16BIT     00000100   00000100  00000000  00000100  RWIX
  RAM                   00000200   00000200  000000e6  0000011a  RWIX
  INFOD                 00001000   00000040  00000000  00000040  RWIX
  INFOC                 00001040   00000040  00000000  00000040  RWIX
  INFOB                 00001080   00000040  00000000  00000040  RWIX
  INFOA                 000010c0   00000040  00000000  00000040  RWIX
  FLASH                 0000c000   00003fe0  00000c98  00003348  RWIX
  INT00                 0000ffe0   00000002  00000000  00000002  RWIX
  INT01                 0000ffe2   00000002  00000000  00000002  RWIX
  INT02                 0000ffe4   00000002  00000002  00000000  RWIX
  INT03                 0000ffe6   00000002  00000000  00000002  RWIX
  INT04                 0000ffe8   00000002  00000000  00000002  RWIX
  INT05                 0000ffea   00000002  00000000  00000002  RWIX
  INT06                 0000ffec   00000002  00000002  00000000  RWIX
  INT07                 0000ffee   00000002  00000000  00000002  RWIX
  INT08                 0000fff0   00000002  00000000  00000002  RWIX
  INT09                 0000fff2   00000002  00000000  00000002  RWIX
  INT10                 0000fff4   00000002  00000000  00000002  RWIX
  INT11                 0000fff6   00000002  00000000  00000002  RWIX
  INT12                 0000fff8   00000002  00000000  00000002  RWIX
  INT13                 0000fffa   00000002  00000000  00000002  RWIX
  INT14                 0000fffc   00000002  00000000  00000002  RWIX
  RESET                 0000fffe   00000002  00000002  00000000  RWIX


SECTION ALLOCATION MAP

 output                                  attributes/
section   page    origin      length       input sections
--------  ----  ----------  ----------   ----------------
.init_array 
*          0    0000c000    00000000     UNINITIALIZED

.bss       0    00000200    00000094     UNINITIALIZED
                  00000200    0000008a     MSP430G2553_USCI_I2C.obj (.bss)
                  0000028a    00000008     SI4735.obj (.bss)
                  00000292    00000002     main.obj (.bss)

.TI.noinit 
*          0    00000200    00000000     UNINITIALIZED

.data      0    00000294    00000002     
                  00000294    00000002     SI4735.obj (.data)

.TI.persistent 
*          0    00000294    00000000     UNINITIALIZED

.stack     0    000003b0    00000050     UNINITIALIZED
                  000003b0    00000002     rts430_eabi.lib : boot.obj (.stack)
                  000003b2    0000004e     --HOLE--

.text      0    0000c000    00000c44     
                  0000c000    00000130     main.obj (.text:main)
                  0000c130    00000116     rts430_eabi.lib : _printfi_min.obj (.text:_setfield)
                  0000c246    000000ca                     : _printfi_min.obj (.text:_printfi_minimal)
                  0000c310    000000a4     main.obj (.text:Port_1)
                  0000c3b4    00000074     MSP430G2553_USCI_I2C.obj (.text:USCIAB0TX_ISR)
                  0000c428    0000005e     rts430_eabi.lib : copy_decompress_rle.obj (.text:__TI_decompress_rle_core)
                  0000c486    0000005e                     : autoinit.obj (.text:_auto_init)
                  0000c4e4    0000005a     SI4735.obj (.text:SI4735_Start_Volume)
                  0000c53e    0000005a     SI4735.obj (.text:SI4735_volum_Down)
                  0000c598    0000005a     SI4735.obj (.text:SI4735_volum_UP)
                  0000c5f2    00000056     rts430_eabi.lib : _printfi_min.obj (.text:_ltostr)
                  0000c648    0000004e                     : _printfi_min.obj (.text:_pproc_diouxp)
                  0000c696    0000004c     SI4735.obj (.text:SI4735_Fm_Seek_Band_Bottom)
                  0000c6e2    0000004c     SI4735.obj (.text:SI4735_Fm_Seek_Band_Top)
                  0000c72e    0000004c     SI4735.obj (.text:SI4735_INIT)
                  0000c77a    0000004c     SI4735.obj (.text:SI4735_RX_Volume)
                  0000c7c6    0000004c     rts430_eabi.lib : lsr16.obj (.text)
                  0000c812    0000004a     SI4735.obj (.text:SI4735_Refclk_Freq)
                  0000c85c    00000048     SI4735.obj (.text:SI4735_Fm_Deemphasis)
                  0000c8a4    00000046     SI4735.obj (.text:SI4735_Fm_Tune_Freq)
                  0000c8ea    00000046     rts430_eabi.lib : _printfi_min.obj (.text:_pproc_str)
                  0000c930    00000038     SI4735.obj (.text:SI4735_Power_Up)
                  0000c968    00000038     rts430_eabi.lib : sprintf.obj (.text:sprintf)
                  0000c9a0    00000036     MSP430G2553_GPIO.obj (.text:GPIO_INIT)
                  0000c9d6    00000036     SI4735.obj (.text:SI4735_seek_Down)
                  0000ca0c    00000034     SI4735.obj (.text:SI4735_seek_Up)
                  0000ca40    00000030     MSP430G2553_USCI_I2C.obj (.text:USCI_I2C_INIT)
                  0000ca70    0000002e     rts430_eabi.lib : _printfi_min.obj (.text:_getarg_diouxp)
                  0000ca9e    0000002c     MSP430G2553_USCI_I2C.obj (.text:USCI_I2C_READ)
                  0000caca    00000028     MSP430G2553_Clock_Timer.obj (.text:Clock_INIT)
                  0000caf2    00000028     rts430_eabi.lib : memccpy.obj (.text:memccpy)
                  0000cb1a    00000026     MSP430G2553_USCI_I2C.obj (.text:USCI_I2C_WRITE1)
                  0000cb40    0000001a     rts430_eabi.lib : boot.obj (.text:_c_int00_noexit)
                  0000cb5a    0000001a                     : sprintf.obj (.text:_outs)
                  0000cb74    00000018                     : _printfi_min.obj (.text:_div)
                  0000cb8c    00000016                     : div16u.obj (.text)
                  0000cba2    00000014                     : copy_zero_init.obj (.text:decompress:ZI:__TI_zero_init)
                  0000cbb6    00000014                     : memset.obj (.text:memset)
                  0000cbca    00000014                     : mult16.obj (.text)
                  0000cbde    00000012                     : sprintf.obj (.text:_outc)
                  0000cbf0    00000012                     : copy_decompress_none.obj (.text:decompress:none:__TI_decompress_none)
                  0000cc02    00000012                     : memcpy.obj (.text:memcpy)
                  0000cc14    00000012                     : strlen.obj (.text:strlen)
                  0000cc26    00000010                     : epilog.obj (.text)
                  0000cc36    00000006                     : copy_decompress_rle.obj (.text:decompress:rle24:__TI_decompress_rle24)
                  0000cc3c    00000004                     : pre_init.obj (.text:_system_pre_init)
                  0000cc40    00000004                     : exit.obj (.text:abort)

.const     0    0000cc44    0000003c     
                  0000cc44    00000028     SI4735.obj (.const:.string)
                  0000cc6c    00000014     rts430_eabi.lib : _printfi_min.obj (.const:.string)

.cinit     0    0000cc80    00000018     
                  0000cc80    00000006     (.cinit..data.load) [load image]
                  0000cc86    00000006     (__TI_handler_table)
                  0000cc8c    00000004     (.cinit..bss.load) [load image, compression = zero_init]
                  0000cc90    00000008     (__TI_cinit_table)

PORT1      0    0000ffe4    00000002     
                  0000ffe4    00000002     main.obj (.int02)

USCIAB0TX 
*          0    0000ffec    00000002     
                  0000ffec    00000002     MSP430G2553_USCI_I2C.obj (.int06)

.reset     0    0000fffe    00000002     
                  0000fffe    00000002     rts430_eabi.lib : boot.obj (.reset)


LINKER GENERATED COPY TABLES

__TI_cinit_table @ 0000cc90 records: 2, size/record: 4, table size: 8
	.data: load addr=0000cc80, load size=00000006 bytes, run addr=00000294, run size=00000002 bytes, compression=copy
	.bss: load addr=0000cc8c, load size=00000004 bytes, run addr=00000200, run size=00000094 bytes, compression=zero_init


LINKER GENERATED HANDLER TABLE

__TI_handler_table @ 0000cc86 records: 3, size/record: 2, table size: 6
	index: 0, handler: __TI_zero_init
	index: 1, handler: __TI_decompress_rle24
	index: 2, handler: __TI_decompress_none


GLOBAL SYMBOLS: SORTED ALPHABETICALLY BY Name 

address    name
--------   ----
0000004a   ADC10AE0
000001b0   ADC10CTL0
000001b2   ADC10CTL1
00000048   ADC10DTC0
00000049   ADC10DTC1
000001b4   ADC10MEM
000001bc   ADC10SA
00000057   BCSCTL1
00000058   BCSCTL2
00000053   BCSCTL3
0000cc40   C$$EXIT
00000059   CACTL1
0000005a   CACTL2
000010fb   CALBC1_12MHZ
000010f9   CALBC1_16MHZ
000010ff   CALBC1_1MHZ
000010fd   CALBC1_8MHZ
000010fa   CALDCO_12MHZ
000010f8   CALDCO_16MHZ
000010fe   CALDCO_1MHZ
000010fc   CALDCO_8MHZ
0000005b   CAPD
00000202   CMD
0000caca   Clock_INIT
0000028a   Command
00000056   DCOCTL
00000128   FCTL1
0000012a   FCTL2
0000012c   FCTL3
0000c9a0   GPIO_INIT
00000000   IE1
00000001   IE2
00000002   IFG1
00000003   IFG2
00000022   P1DIR
00000025   P1IE
00000024   P1IES
00000023   P1IFG
00000020   P1IN
00000021   P1OUT
00000027   P1REN
00000026   P1SEL
00000041   P1SEL2
0000002a   P2DIR
0000002d   P2IE
0000002c   P2IES
0000002b   P2IFG
00000028   P2IN
00000029   P2OUT
0000002f   P2REN
0000002e   P2SEL
00000042   P2SEL2
0000001a   P3DIR
00000018   P3IN
00000019   P3OUT
00000010   P3REN
0000001b   P3SEL
00000043   P3SEL2
00000206   PRxData
00000200   PTxData
0000c310   Port_1
00000208   RXByteCtr
0000020a   RxBuffer
0000c85c   SI4735_Fm_Deemphasis
0000c696   SI4735_Fm_Seek_Band_Bottom
0000c6e2   SI4735_Fm_Seek_Band_Top
0000c8a4   SI4735_Fm_Tune_Freq
0000c72e   SI4735_INIT
0000c930   SI4735_Power_Up
0000c77a   SI4735_RX_Volume
0000c812   SI4735_Refclk_Freq
0000c4e4   SI4735_Start_Volume
0000c9d6   SI4735_seek_Down
0000ca0c   SI4735_seek_Up
0000c53e   SI4735_volum_Down
0000c598   SI4735_volum_UP
00000294   SI4735_volume
00000295   SI4735_volume_start
00000172   TA0CCR0
00000174   TA0CCR1
00000176   TA0CCR2
00000162   TA0CCTL0
00000164   TA0CCTL1
00000166   TA0CCTL2
00000160   TA0CTL
0000012e   TA0IV
00000170   TA0R
00000192   TA1CCR0
00000194   TA1CCR1
00000196   TA1CCR2
00000182   TA1CCTL0
00000184   TA1CCTL1
00000186   TA1CCTL2
00000180   TA1CTL
0000011e   TA1IV
00000190   TA1R
00000204   TXByteCtr
0000005d   UCA0ABCTL
00000062   UCA0BR0
00000063   UCA0BR1
00000060   UCA0CTL0
00000061   UCA0CTL1
0000005f   UCA0IRRCTL
0000005e   UCA0IRTCTL
00000064   UCA0MCTL
00000066   UCA0RXBUF
00000065   UCA0STAT
00000067   UCA0TXBUF
0000006a   UCB0BR0
0000006b   UCB0BR1
00000068   UCB0CTL0
00000069   UCB0CTL1
0000006c   UCB0I2CIE
00000118   UCB0I2COA
0000011a   UCB0I2CSA
0000006e   UCB0RXBUF
0000006d   UCB0STAT
0000006f   UCB0TXBUF
0000c3b4   USCIAB0TX_ISR
0000ca40   USCI_I2C_INIT
0000ca9e   USCI_I2C_READ
0000cb1a   USCI_I2C_WRITE1
00000120   WDTCTL
00000400   __STACK_END
00000050   __STACK_SIZE
0000cc90   __TI_CINIT_Base
0000cc98   __TI_CINIT_Limit
0000cc86   __TI_Handler_Table_Base
0000cc8c   __TI_Handler_Table_Limit
UNDEFED    __TI_INITARRAY_Base
UNDEFED    __TI_INITARRAY_Limit
00000001   __TI_args_main
0000cbf0   __TI_decompress_none
0000cc36   __TI_decompress_rle24
00000001   __TI_exit
0000cba2   __TI_zero_init
ffffffff   __binit__
ffffffff   __c_args__
0000cb8c   __mspabi_divu
0000cc32   __mspabi_func_epilog_1
0000cc30   __mspabi_func_epilog_2
0000cc2e   __mspabi_func_epilog_3
0000cc2c   __mspabi_func_epilog_4
0000cc2a   __mspabi_func_epilog_5
0000cc28   __mspabi_func_epilog_6
0000cc26   __mspabi_func_epilog_7
0000cbca   __mspabi_mpyi
0000cb8c   __mspabi_remu
0000c7c6   __mspabi_srli
0000c80c   __mspabi_srli_1
0000c7e8   __mspabi_srli_10
0000c7e4   __mspabi_srli_11
0000c7e0   __mspabi_srli_12
0000c7dc   __mspabi_srli_13
0000c7d8   __mspabi_srli_14
0000c7d4   __mspabi_srli_15
0000c808   __mspabi_srli_2
0000c804   __mspabi_srli_3
0000c800   __mspabi_srli_4
0000c7fc   __mspabi_srli_5
0000c7f8   __mspabi_srli_6
0000c7f4   __mspabi_srli_7
0000c7f0   __mspabi_srli_8
0000c7ec   __mspabi_srli_9
0000c486   _auto_init
0000cb40   _c_int00
0000cb40   _c_int00_noexit
0000c246   _printfi_minimal
0000fffe   _reset_vector
000003b0   _stack
0000cc3c   _system_pre_init
0000cc40   abort
ffffffff   binit
00000292   count
0000c000   main
0000caf2   memccpy
0000cc02   memcpy
0000cbb6   memset
0000c968   sprintf
0000cc14   strlen


GLOBAL SYMBOLS: SORTED BY Symbol Address 

address    name
--------   ----
00000000   IE1
00000001   IE2
00000001   __TI_args_main
00000001   __TI_exit
00000002   IFG1
00000003   IFG2
00000010   P3REN
00000018   P3IN
00000019   P3OUT
0000001a   P3DIR
0000001b   P3SEL
00000020   P1IN
00000021   P1OUT
00000022   P1DIR
00000023   P1IFG
00000024   P1IES
00000025   P1IE
00000026   P1SEL
00000027   P1REN
00000028   P2IN
00000029   P2OUT
0000002a   P2DIR
0000002b   P2IFG
0000002c   P2IES
0000002d   P2IE
0000002e   P2SEL
0000002f   P2REN
00000041   P1SEL2
00000042   P2SEL2
00000043   P3SEL2
00000048   ADC10DTC0
00000049   ADC10DTC1
0000004a   ADC10AE0
00000050   __STACK_SIZE
00000053   BCSCTL3
00000056   DCOCTL
00000057   BCSCTL1
00000058   BCSCTL2
00000059   CACTL1
0000005a   CACTL2
0000005b   CAPD
0000005d   UCA0ABCTL
0000005e   UCA0IRTCTL
0000005f   UCA0IRRCTL
00000060   UCA0CTL0
00000061   UCA0CTL1
00000062   UCA0BR0
00000063   UCA0BR1
00000064   UCA0MCTL
00000065   UCA0STAT
00000066   UCA0RXBUF
00000067   UCA0TXBUF
00000068   UCB0CTL0
00000069   UCB0CTL1
0000006a   UCB0BR0
0000006b   UCB0BR1
0000006c   UCB0I2CIE
0000006d   UCB0STAT
0000006e   UCB0RXBUF
0000006f   UCB0TXBUF
00000118   UCB0I2COA
0000011a   UCB0I2CSA
0000011e   TA1IV
00000120   WDTCTL
00000128   FCTL1
0000012a   FCTL2
0000012c   FCTL3
0000012e   TA0IV
00000160   TA0CTL
00000162   TA0CCTL0
00000164   TA0CCTL1
00000166   TA0CCTL2
00000170   TA0R
00000172   TA0CCR0
00000174   TA0CCR1
00000176   TA0CCR2
00000180   TA1CTL
00000182   TA1CCTL0
00000184   TA1CCTL1
00000186   TA1CCTL2
00000190   TA1R
00000192   TA1CCR0
00000194   TA1CCR1
00000196   TA1CCR2
000001b0   ADC10CTL0
000001b2   ADC10CTL1
000001b4   ADC10MEM
000001bc   ADC10SA
00000200   PTxData
00000202   CMD
00000204   TXByteCtr
00000206   PRxData
00000208   RXByteCtr
0000020a   RxBuffer
0000028a   Command
00000292   count
00000294   SI4735_volume
00000295   SI4735_volume_start
000003b0   _stack
00000400   __STACK_END
000010f8   CALDCO_16MHZ
000010f9   CALBC1_16MHZ
000010fa   CALDCO_12MHZ
000010fb   CALBC1_12MHZ
000010fc   CALDCO_8MHZ
000010fd   CALBC1_8MHZ
000010fe   CALDCO_1MHZ
000010ff   CALBC1_1MHZ
0000c000   main
0000c246   _printfi_minimal
0000c310   Port_1
0000c3b4   USCIAB0TX_ISR
0000c486   _auto_init
0000c4e4   SI4735_Start_Volume
0000c53e   SI4735_volum_Down
0000c598   SI4735_volum_UP
0000c696   SI4735_Fm_Seek_Band_Bottom
0000c6e2   SI4735_Fm_Seek_Band_Top
0000c72e   SI4735_INIT
0000c77a   SI4735_RX_Volume
0000c7c6   __mspabi_srli
0000c7d4   __mspabi_srli_15
0000c7d8   __mspabi_srli_14
0000c7dc   __mspabi_srli_13
0000c7e0   __mspabi_srli_12
0000c7e4   __mspabi_srli_11
0000c7e8   __mspabi_srli_10
0000c7ec   __mspabi_srli_9
0000c7f0   __mspabi_srli_8
0000c7f4   __mspabi_srli_7
0000c7f8   __mspabi_srli_6
0000c7fc   __mspabi_srli_5
0000c800   __mspabi_srli_4
0000c804   __mspabi_srli_3
0000c808   __mspabi_srli_2
0000c80c   __mspabi_srli_1
0000c812   SI4735_Refclk_Freq
0000c85c   SI4735_Fm_Deemphasis
0000c8a4   SI4735_Fm_Tune_Freq
0000c930   SI4735_Power_Up
0000c968   sprintf
0000c9a0   GPIO_INIT
0000c9d6   SI4735_seek_Down
0000ca0c   SI4735_seek_Up
0000ca40   USCI_I2C_INIT
0000ca9e   USCI_I2C_READ
0000caca   Clock_INIT
0000caf2   memccpy
0000cb1a   USCI_I2C_WRITE1
0000cb40   _c_int00
0000cb40   _c_int00_noexit
0000cb8c   __mspabi_divu
0000cb8c   __mspabi_remu
0000cba2   __TI_zero_init
0000cbb6   memset
0000cbca   __mspabi_mpyi
0000cbf0   __TI_decompress_none
0000cc02   memcpy
0000cc14   strlen
0000cc26   __mspabi_func_epilog_7
0000cc28   __mspabi_func_epilog_6
0000cc2a   __mspabi_func_epilog_5
0000cc2c   __mspabi_func_epilog_4
0000cc2e   __mspabi_func_epilog_3
0000cc30   __mspabi_func_epilog_2
0000cc32   __mspabi_func_epilog_1
0000cc36   __TI_decompress_rle24
0000cc3c   _system_pre_init
0000cc40   C$$EXIT
0000cc40   abort
0000cc86   __TI_Handler_Table_Base
0000cc8c   __TI_Handler_Table_Limit
0000cc90   __TI_CINIT_Base
0000cc98   __TI_CINIT_Limit
0000fffe   _reset_vector
ffffffff   __binit__
ffffffff   __c_args__
ffffffff   binit
UNDEFED    __TI_INITARRAY_Base
UNDEFED    __TI_INITARRAY_Limit

[180 symbols]
